// Jest Snapshot v1, https://goo.gl/fbAQLP

exports[`externals contains entries for all core WordPress JS global members 1`] = `
Object {
  "@wordpress/a11y": "wp.a11y",
  "@wordpress/annotations": "wp.annotations",
  "@wordpress/api-fetch": "wp.apiFetch",
  "@wordpress/autop": "wp.autop",
  "@wordpress/blob": "wp.blob",
  "@wordpress/block-directory": "wp.blockDirectory",
  "@wordpress/block-editor": "wp.blockEditor",
  "@wordpress/block-library": "wp.blockLibrary",
  "@wordpress/block-serialization-default-parser": "wp.blockSerializationDefaultParser",
  "@wordpress/block-serialization-spec-parser": "wp.blockSerializationSpecParser",
  "@wordpress/blocks": "wp.blocks",
  "@wordpress/components": "wp.components",
  "@wordpress/compose": "wp.compose",
  "@wordpress/core-data": "wp.coreData",
  "@wordpress/customize-widgets": "wp.customizeWidgets",
  "@wordpress/data": "wp.data",
  "@wordpress/data-controls": "wp.dataControls",
  "@wordpress/date": "wp.date",
  "@wordpress/deprecated": "wp.deprecated",
  "@wordpress/dom": "wp.dom",
  "@wordpress/dom-ready": "wp.domReady",
  "@wordpress/edit-post": "wp.editPost",
  "@wordpress/edit-site": "wp.editSite",
  "@wordpress/edit-widgets": "wp.editWidgets",
  "@wordpress/editor": "wp.editor",
  "@wordpress/element": "wp.element",
  "@wordpress/escape-html": "wp.escapeHtml",
  "@wordpress/format-library": "wp.formatLibrary",
  "@wordpress/hooks": "wp.hooks",
  "@wordpress/html-entities": "wp.htmlEntities",
  "@wordpress/i18n": "wp.i18n",
  "@wordpress/icons": "wp.icons",
  "@wordpress/interface": "wp.interface",
  "@wordpress/is-shallow-equal": "wp.isShallowEqual",
  "@wordpress/keyboard-shortcuts": "wp.keyboardShortcuts",
  "@wordpress/keycodes": "wp.keycodes",
  "@wordpress/list-reusable-blocks": "wp.listReusableBlocks",
  "@wordpress/media-utils": "wp.mediaUtils",
  "@wordpress/notices": "wp.notices",
  "@wordpress/nux": "wp.nux",
  "@wordpress/plugins": "wp.plugins",
  "@wordpress/preferences": "wp.preferences",
  "@wordpress/preferences-persistence": "wp.preferencesPersistence",
  "@wordpress/primitives": "wp.primitives",
  "@wordpress/priority-queue": "wp.priorityQueue",
  "@wordpress/private-apis": "wp.privateApis",
  "@wordpress/react-i18n": "wp.reactI18n",
  "@wordpress/react-native-aztec": "wp.reactNativeAztec",
  "@wordpress/react-native-bridge": "wp.reactNativeBridge",
  "@wordpress/react-native-editor": "wp.reactNativeEditor",
  "@wordpress/redux-routine": "wp.reduxRoutine",
  "@wordpress/reusable-blocks": "wp.reusableBlocks",
  "@wordpress/rich-text": "wp.richText",
  "@wordpress/server-side-render": "wp.serverSideRender",
  "@wordpress/shortcode": "wp.shortcode",
  "@wordpress/style-engine": "wp.styleEngine",
  "@wordpress/token-list": "wp.tokenList",
  "@wordpress/url": "wp.url",
  "@wordpress/viewport": "wp.viewport",
  "@wordpress/warning": "wp.warning",
  "@wordpress/widgets": "wp.widgets",
  "@wordpress/wordcount": "wp.wordcount",
  "backbone": "Backbone",
  "jquery": "jQuery",
  "lodash": "lodash",
  "moment": "moment",
  "react": "React",
  "react-dom": "ReactDOM",
  "tinymce": "tinymce",
  "wp": "wp",
}
`;
